// Jest Snapshot v1, https://goo.gl/fbAQLP

exports[`ObjectInspector - getters & setters renders getters and setters as expected 1`] = `
"▼ x: Getter & Setter
|  ▶︎ <get>: function get x()
|  ▶︎ <set>: function set x()"
`;

exports[`ObjectInspector - getters & setters renders getters as expected 1`] = `
"▼ x: Getter
|  ▶︎ <get>: function get x()"
`;

exports[`ObjectInspector - getters & setters renders setters as expected 1`] = `
"▼ x: Setter
|  ▶︎ <set>: function set x()"
`;
