// Jest Snapshot v1, https://goo.gl/fbAQLP

exports[`ObjectInspector - Proxy renders Proxy as expected 1`] = `
"<ObjectInspector roots={{...}} autoExpandDepth={1} mode={[symbol]} getObjectProperties={[Function]} loadObjectProperties={[Function]}>
  <Tree className=\\"\\" autoExpandAll={true} autoExpandDepth={1} disabledFocus={[undefined]} itemHeight={20} isExpanded={[Function]} focused={{...}} getRoots={[Function]} getParent={[Function]} getChildren={[Function]} getKey={[Function]} onExpand={[Function]} onCollapse={[Function]} onFocus={[Function]} renderItem={[Function]}>
    <div className=\\"tree \\" onKeyDown={[Function]} onKeyPress={[Function]} onKeyUp={[Function]} onScroll={[Function]} style={{...}}>
      <TreeNode index={0} item={{...}} depth={0} renderItem={[Function]} focused={false} expanded={true} hasChildren={true} onExpand={[Function]} onCollapse={[Function]} onFocus={[Function]}>
        <div className=\\"tree-node div \\" onFocus={[Function]} onClick={[Function]} onBlur={[undefined]} style={{...}}>
          <div className=\\"node object-node\\" style={{...}} onClick={[Function]} onDoubleClick={{...}}>
            <InlineSVG className=\\"arrow expanded\\" src=\\"<svg></svg>\\" element=\\"i\\" raw={false}>
              <i className=\\"arrow expanded\\" src={{...}} dangerouslySetInnerHTML={{...}} />
            </InlineSVG>
            <span data-link-actor-id=\\"server1.conn1.child1/obj47\\" className=\\"objectBox objectBox-object\\">
              <span className=\\"objectTitle\\">
                Proxy
              </span>
              <span className=\\"objectLeftBrace\\">
                 { 
              </span>
              <span className=\\"nodeName\\">
                &lt;target&gt;
              </span>
              <span className=\\"objectEqual\\">
                : 
              </span>
              <span data-link-actor-id=\\"server1.conn1.child1/obj48\\" className=\\"objectBox objectBox-object\\">
                <span className=\\"objectLeftBrace\\">
                  {
                </span>
                <span className=\\"more-ellipsis\\" title=\\"more…\\">
                  …
                </span>
                <span className=\\"objectRightBrace\\">
                  }
                </span>
              </span>
              , 
              <span className=\\"nodeName\\">
                &lt;handler&gt;
              </span>
              <span className=\\"objectEqual\\">
                : 
              </span>
              <span data-link-actor-id=\\"server1.conn1.child1/obj49\\" className=\\"objectBox objectBox-array\\">
                <span className=\\"arrayLeftBracket\\">
                  [
                </span>
                <span className=\\"more-ellipsis\\" title=\\"more…\\">
                  …
                </span>
                <span className=\\"arrayRightBracket\\">
                  ]
                </span>
                <span className=\\"arrayProperties\\" role=\\"group\\" />
              </span>
              <span className=\\"objectRightBrace\\">
                 }
              </span>
            </span>
          </div>
          <button style={{...}} />
        </div>
      </TreeNode>
      <TreeNode index={1} item={{...}} depth={1} renderItem={[Function]} focused={false} expanded={false} hasChildren={false} onExpand={[Function]} onCollapse={[Function]} onFocus={[Function]}>
        <div className=\\"tree-node div tree-node-odd\\" onFocus={[Function]} onClick={[Function]} onBlur={[undefined]} style={{...}}>
          <div className=\\"node object-node\\" style={{...}} onClick={[Function]} onDoubleClick={{...}}>
            <InlineSVG className=\\"arrow\\" src=\\"<svg></svg>\\" element=\\"i\\" raw={false}>
              <i className=\\"arrow\\" src={{...}} dangerouslySetInnerHTML={{...}} />
            </InlineSVG>
            <span className=\\"object-label\\" onClick={{...}}>
              &lt;target&gt;
            </span>
            <span className=\\"object-delimiter\\">
               : 
            </span>
            <span data-link-actor-id=\\"server1.conn1.child1/obj48\\" className=\\"objectBox objectBox-object\\">
              <span className=\\"objectTitle\\">
                Object
              </span>
              <span className=\\"objectLeftBrace\\">
                 { 
              </span>
              <span className=\\"more-ellipsis\\" title=\\"more…\\">
                …
              </span>
              <span className=\\"objectRightBrace\\">
                 }
              </span>
            </span>
          </div>
          <button style={{...}} />
        </div>
      </TreeNode>
      <TreeNode index={2} item={{...}} depth={1} renderItem={[Function]} focused={false} expanded={false} hasChildren={false} onExpand={[Function]} onCollapse={[Function]} onFocus={[Function]}>
        <div className=\\"tree-node div \\" onFocus={[Function]} onClick={[Function]} onBlur={[undefined]} style={{...}}>
          <div className=\\"node object-node\\" style={{...}} onClick={[Function]} onDoubleClick={{...}}>
            <InlineSVG className=\\"arrow\\" src=\\"<svg></svg>\\" element=\\"i\\" raw={false}>
              <i className=\\"arrow\\" src={{...}} dangerouslySetInnerHTML={{...}} />
            </InlineSVG>
            <span className=\\"object-label\\" onClick={{...}}>
              &lt;handler&gt;
            </span>
            <span className=\\"object-delimiter\\">
               : 
            </span>
            <span data-link-actor-id=\\"server1.conn1.child1/obj49\\" className=\\"objectBox objectBox-array\\">
              <span className=\\"objectTitle\\">
                Array 
              </span>
              <span className=\\"arrayLeftBracket\\">
                [ 
              </span>
              <span className=\\"more-ellipsis\\" title=\\"more…\\">
                …
              </span>
              <span className=\\"arrayRightBracket\\">
                 ]
              </span>
              <span className=\\"arrayProperties\\" role=\\"group\\" />
            </span>
          </div>
          <button style={{...}} />
        </div>
      </TreeNode>
    </div>
  </Tree>
</ObjectInspector>"
`;
